// Jest Snapshot v1, https://goo.gl/fbAQLP

exports[`renders components/message/demo/basic.tsx extend context correctly 1`] = `
<div
  class="ant-bubble ant-bubble-start"
>
  <div
    class="ant-bubble-content ant-bubble-content-filled"
  >
    <div
      class="ant-message"
    >
      hello world !
    </div>
  </div>
</div>
`;

exports[`renders components/message/demo/basic.tsx extend context correctly 2`] = `[]`;

exports[`renders components/message/demo/source.tsx extend context correctly 1`] = `
Array [
  <div
    class="ant-message"
  >
    <div
      class="ant-message-source"
    >
      <div
        class="ant-message-source-title-wrapper"
      >
        <span
          aria-label="right"
          class="anticon anticon-right"
          role="img"
        >
          <svg
            aria-hidden="true"
            data-icon="right"
            fill="currentColor"
            focusable="false"
            height="1em"
            viewBox="64 64 896 896"
            width="1em"
          >
            <path
              d="M765.7 486.8L314.9 134.7A7.97 7.97 0 00302 141v77.3c0 4.9 2.3 9.6 6.1 12.6l360 281.1-360 281.1c-3.9 3-6.1 7.7-6.1 12.6V883c0 6.7 7.7 10.4 12.9 6.3l450.8-352.1a31.96 31.96 0 000-50.4z"
            />
          </svg>
        </span>
        <span
          class="ant-message-source-title"
        >
          Based on 15 search sources as references
        </span>
      </div>
    </div>
  </div>,
  <br />,
  <div
    class="ant-message"
  >
    <div
      class="ant-message-source"
    >
      <div
        class="ant-message-source-title-wrapper"
      >
        <span
          aria-label="right"
          class="anticon anticon-right"
          role="img"
        >
          <svg
            aria-hidden="true"
            data-icon="right"
            fill="currentColor"
            focusable="false"
            height="1em"
            viewBox="64 64 896 896"
            width="1em"
          >
            <path
              d="M765.7 486.8L314.9 134.7A7.97 7.97 0 00302 141v77.3c0 4.9 2.3 9.6 6.1 12.6l360 281.1-360 281.1c-3.9 3-6.1 7.7-6.1 12.6V883c0 6.7 7.7 10.4 12.9 6.3l450.8-352.1a31.96 31.96 0 000-50.4z"
            />
          </svg>
        </span>
        <span
          class="ant-message-source-title"
        >
          Based on 15 search sources as references
        </span>
      </div>
    </div>
  </div>,
]
`;

exports[`renders components/message/demo/source.tsx extend context correctly 2`] = `[]`;

exports[`renders components/message/demo/sup.tsx extend context correctly 1`] = `
<div
  class="ant-bubble ant-bubble-start"
>
  <div
    class="ant-bubble-content ant-bubble-content-outlined"
  >
    <div
      style="display: flex;"
    >
      use in message
      <div
        class="ant-message"
      >
        <span
          aria-describedby="test-id"
          class="ant-message-sup"
        >
          1
        </span>
        <div
          class="ant-popover ant-zoom-big-appear ant-zoom-big-appear-prepare ant-zoom-big ant-popover-placement-top"
          style="--arrow-x: 0px; --arrow-y: 0px; left: -1000vw; top: -1000vh; right: auto; bottom: auto; box-sizing: border-box;"
        >
          <div
            class="ant-popover-arrow"
            style="position: absolute; bottom: 0px; left: 0px;"
          />
          <div
            class="ant-popover-content"
          >
            <div
              class="ant-popover-inner"
              id="test-id"
              role="tooltip"
            >
              <div
                class="ant-popover-title"
              >
                Title
              </div>
              <div
                class="ant-popover-inner-content"
              >
                Content
              </div>
            </div>
          </div>
        </div>
      </div>
    </div>
  </div>
</div>
`;

exports[`renders components/message/demo/sup.tsx extend context correctly 2`] = `[]`;

exports[`renders components/message/demo/system.tsx extend context correctly 1`] = `
Array [
  <div
    class="ant-message"
  >
    <div
      class="ant-message-system"
    >
      <hr
        class="ant-message-system-divider"
      />
      <div
        class="ant-message-system-content"
      >
        16:03:00
      </div>
      <hr
        class="ant-message-system-divider"
      />
    </div>
  </div>,
  <div
    class="ant-message"
  >
    <div
      class="ant-message-system"
    >
      <hr
        class="ant-message-system-divider"
        style="display: none;"
      />
      <div
        class="ant-message-system-content"
      >
        16:03:00
      </div>
      <hr
        class="ant-message-system-divider"
        style="display: none;"
      />
    </div>
  </div>,
  <div
    class="ant-message"
  >
    <div
      class="ant-message-system"
    >
      <hr
        class="ant-message-system-divider ant-message-system-divider-double"
      />
      <div
        class="ant-message-system-content"
      >
        16:03:00
      </div>
      <hr
        class="ant-message-system-divider ant-message-system-divider-double"
      />
    </div>
  </div>,
  <div
    class="ant-message"
  >
    <div
      class="ant-message-system"
    >
      <hr
        class="ant-message-system-divider"
        style="border-style: dashed none none;"
      />
      <div
        class="ant-message-system-content"
      >
        16:03:00
      </div>
      <hr
        class="ant-message-system-divider"
        style="border-style: dashed none none;"
      />
    </div>
  </div>,
]
`;

exports[`renders components/message/demo/system.tsx extend context correctly 2`] = `[]`;

exports[`renders components/message/demo/think.tsx extend context correctly 1`] = `
<div
  class="ant-message"
>
  <div
    class="ant-message-think"
  >
    <div
      class="ant-message-think-title-wrapper"
    >
      <span
        class="anticon ant-message-think-logo"
        role="img"
      >
        <svg
          fill="currentColor"
          height="1em"
          viewBox="0 0 1024 1024"
          width="1em"
        >
          <title>
            icon-think
          </title>
          <symbol
            id="icon-think"
            viewBox="0 0 1024 1024"
          >
            <path
              d="M847.936 168.448c65.088 65.664 46.144 198.528-36.224 337.536 88.128 143.04 109.824 281.408 43.008 348.8-66.56 67.072-202.688 45.696-343.808-41.984-141.12 87.68-277.248 109.056-343.808 41.984-66.816-67.392-45.056-205.76 43.008-348.8-82.368-139.008-101.248-271.872-36.16-337.536 65.408-65.92 198.336-46.336 336.96 37.76l9.728-5.76c135.104-79.232 263.36-96.448 327.296-32zM249.088 565.568l-2.24 4.16a536.704 536.704 0 0 0-38.272 85.696c-28.928 85.888-16.128 134.144 3.584 153.984 19.712 19.776 67.52 32.768 152.704 3.584a531.84 531.84 0 0 0 87.616-40.064c-35.84-26.816-71.488-57.664-105.792-92.288a950.4 950.4 0 0 1-97.6-115.072z m523.648 0.064l-2.56 3.584c-27.392 37.76-59.2 75.328-94.976 111.424a951.744 951.744 0 0 1-105.856 92.288c30.336 17.088 59.904 30.528 87.68 40.064 85.12 29.184 132.992 16.192 152.64-3.584 19.712-19.84 32.576-68.096 3.584-153.984a541.824 541.824 0 0 0-40.512-89.792z m-261.76-283.2l-17.664 12.416c-36.352 26.24-72.96 57.472-108.416 93.184a878.208 878.208 0 0 0-99.008 118.656c28.8 42.88 64.128 86.528 105.792 128.512a874.24 874.24 0 0 0 119.232 100.928 875.84 875.84 0 0 0 119.232-100.928 871.232 871.232 0 0 0 105.728-128.448 868.224 868.224 0 0 0-98.944-118.72 867.136 867.136 0 0 0-126.016-105.6z m3.2 105.472a11.52 11.52 0 0 1 7.808 7.808l7.232 24.512c10.432 35.2 37.888 62.72 73.088 73.152l24.192 7.168a11.52 11.52 0 0 1 0.064 22.144l-24.704 7.424A108.288 108.288 0 0 0 529.28 603.008l-7.296 24.576a11.52 11.52 0 0 1-22.144 0l-7.296-24.576a108.288 108.288 0 0 0-72.576-72.96l-24.704-7.36a11.52 11.52 0 0 1 0-22.144l24.32-7.168c35.136-10.432 62.592-37.952 73.024-73.152l7.232-24.512a11.52 11.52 0 0 1 14.336-7.808z m136.064-177.664a522.496 522.496 0 0 0-79.872 35.776c37.76 27.84 75.456 60.16 111.552 96.64a956.16 956.16 0 0 1 89.856 104.32c14.656-27.392 26.24-54.016 34.688-79.168 28.928-85.888 16.064-134.08-3.52-153.984-19.712-19.776-67.52-32.768-152.704-3.584z m-431.36 3.584c-19.584 19.84-32.512 68.096-3.52 153.984 8.512 25.152 20.096 51.776 34.688 79.168 26.24-35.392 56.32-70.528 89.856-104.32a948.224 948.224 0 0 1 111.616-96.64 514.816 514.816 0 0 0-79.936-35.776c-85.12-29.184-132.928-16.192-152.64 3.584z"
            />
          </symbol>
          <use
            xlink:href="#icon-think"
          />
        </svg>
      </span>
      <span
        class="ant-message-think-title"
      >
        deep thinking
      </span>
      <span
        aria-label="up"
        class="anticon anticon-up"
        role="img"
      >
        <svg
          aria-hidden="true"
          data-icon="up"
          fill="currentColor"
          focusable="false"
          height="1em"
          viewBox="64 64 896 896"
          width="1em"
        >
          <path
            d="M890.5 755.3L537.9 269.2c-12.8-17.6-39-17.6-51.7 0L133.5 755.3A8 8 0 00140 768h75c5.1 0 9.9-2.5 12.9-6.6L512 369.8l284.1 391.6c3 4.1 7.8 6.6 12.9 6.6h75c6.5 0 10.3-7.4 6.5-12.7z"
          />
        </svg>
      </span>
    </div>
    <div
      class="ant-message-think-content"
    >
      This is deep thinking content.
    </div>
  </div>
</div>
`;

exports[`renders components/message/demo/think.tsx extend context correctly 2`] = `[]`;
